../Core/Src/main.c:72:6:HAL_GPIO_EXTI_Callback	16	static
../Core/Src/main.c:77:6:HAL_TIM_PeriodElapsedCallback	16	static
../Core/Src/main.c:87:5:main	24	static
../Core/Src/main.c:140:6:SystemClock_Config	104	static
../Core/Src/main.c:188:13:MX_ADC_Init	24	static
../Core/Src/main.c:258:13:MX_SPI1_Init	8	static
../Core/Src/main.c:298:13:MX_TIM1_Init	32	static
../Core/Src/main.c:344:13:MX_TIM7_Init	8	static
../Core/Src/main.c:374:13:MX_TIM15_Init	96	static
../Core/Src/main.c:455:13:MX_USART3_UART_Init	8	static
../Core/Src/main.c:490:13:MX_GPIO_Init	56	static
../Core/Src/main.c:593:6:Error_Handler	8	static,ignoring_inline_asm
