../Core/Inc/Utils.h:64:2:Pin::Pin()	16	static
../Core/Inc/Utils.h:66:2:Pin::Pin(GPIO_TypeDef*, uint16_t)	24	static
../Core/Inc/Utils.h:72:2:Pin::Pin(GPIO_TypeDef*, uint16_t, bool)	24	static
../Core/Inc/Utils.h:79:2:Pin::Pin(GPIO_TypeDef*, uint16_t, GPIO_Default_State)	24	static
../Core/Inc/Utils.h:86:2:Pin::Pin(GPIO_TypeDef*, uint16_t, GPIO_Default_State, bool)	24	static
../Core/Inc/Utils.h:119:7:void Pin::Toggle()	16	static
../Core/Inc/Utils.h:139:7:void Pin::Enable(bool)	16	static
../Core/Inc/Utils.h:154:2:PWMPin::PWMPin()	16	static
../Core/Inc/Utils.h:155:2:PWMPin::PWMPin(TIM_HandleTypeDef*, uint32_t)	24	static
../Core/Inc/Utils.h:159:20:HAL_StatusTypeDef PWMPin::Init()	16	static
../Core/Inc/Utils.h:165:7:void PWMPin::Set(uint16_t)	16	static
../Core/Inc/MCP4023Driver.h:37:2:MCP4023Driver::MCP4023Driver()	16	static
../Core/Inc/STPLEDDriver.h:46:3:STP_Pins::STP_Pins()	16	static
../Core/Inc/STPLEDDriver.h:54:2:STPLEDDriver::STPLEDDriver()	16	static
../Core/Inc/ButtonManager.h:57:3:ButtonPins::ButtonPins()	16	static
../Core/Inc/ButtonManager.h:70:2:ButtonManager::ButtonManager()	16	static
../Core/Inc/IndicatorManager.h:40:2:IndicatorManager::IndicatorManager()	16	static
../Core/Inc/RotaryEncoder.h:26:2:RotaryEncoder::RotaryEncoder()	16	static
../Core/Inc/EncoderManager.h:30:2:EncoderManager::EncoderManager()	16	static
../Core/Inc/Options.h:33:2:Options::Options()	16	static
../Core/Inc/Options.h:34:2:Options::Options(OptionStatesUnion*)	16	static
../Core/Inc/UsbManager.h:58:2:UsbManager::UsbManager()	16	static
../Core/Src/MainWrapper.cpp:112:6:void EncInterruptCallback(uint16_t)	16	static
../Core/Src/MainWrapper.cpp:135:6:void UsbReceiveCallback(uint8_t*, uint32_t*)	16	static
../Core/Src/MainWrapper.cpp:143:6:void TimerElapsedCallback(TIM_HandleTypeDef*)	16	static
../Core/Inc/UsbManager.h:55:7:constexpr UsbManager& UsbManager::operator=(const UsbManager&)	16	static
../Core/Src/MainWrapper.cpp:150:19:HAL_StatusTypeDef Init(ADC_HandleTypeDef*, SPI_HandleTypeDef*, TIM_HandleTypeDef*, UART_HandleTypeDef*, TIM_HandleTypeDef*)	104	static
../Core/Src/MainWrapper.cpp:201:6:void Main()	8	static
../Core/Inc/ButtonManager.h:67:7:constexpr ButtonManager& ButtonManager::operator=(const ButtonManager&)	16	static
../Core/Src/MainWrapper.cpp:216:13:void InitButtons()	904	static
../Core/Src/MainWrapper.cpp:261:13:void InitControlPins()	64	static
../Core/Inc/MCP4023Driver.h:34:7:constexpr MCP4023Driver& MCP4023Driver::operator=(const MCP4023Driver&)	16	static
../Core/Inc/STPLEDDriver.h:51:7:constexpr STPLEDDriver& STPLEDDriver::operator=(const STPLEDDriver&)	24	static
../Core/Inc/IndicatorManager.h:37:7:constexpr IndicatorManager& IndicatorManager::operator=(const IndicatorManager&)	16	static
../Core/Src/MainWrapper.cpp:268:13:void InitIndicators()	224	static
../Core/Inc/RotaryEncoder.h:23:7:constexpr RotaryEncoder& RotaryEncoder::operator=(const RotaryEncoder&)	16	static
../Core/Inc/EncoderManager.h:27:7:constexpr EncoderManager& EncoderManager::operator=(const EncoderManager&)	16	static
../Core/Src/MainWrapper.cpp:286:13:void InitEncoders()	272	static
../Core/Src/MainWrapper.cpp:306:13:void HandleOptionsCallback(OptionStatesUnion*)	16	static
../Core/Src/MainWrapper.cpp:313:13:void InitAuxIO()	40	static
../Core/Src/MainWrapper.cpp:319:13:void StartupTest()	8	static
../Core/Src/MainWrapper.cpp:328:1:void __static_initialization_and_destruction_0(int, int)	24	static
../Core/Src/MainWrapper.cpp:328:1:cpp)	8	static
../Core/Src/MainWrapper.cpp:328:1:cpp)	8	static
