../Core/Inc/Utils.h:64:2:Pin::Pin()	16	static
../Core/Inc/Utils.h:94:7:void Pin::Write(GPIO_PinState)	16	static
../Core/Inc/Utils.h:101:7:void Pin::Write(bool)	16	static
../Core/Src/MCP4023Driver.cpp:12:1:MCP4023Driver::MCP4023Driver(Pin, Pin, MCP4023_Resistance)	24	static
../Core/Src/MCP4023Driver.cpp:19:1:MCP4023Driver::MCP4023Driver(Pin, Pin, MCP4023_Resistance, uint8_t)	24	static
../Core/Src/MCP4023Driver.cpp:27:1:MCP4023Driver::~MCP4023Driver()	16	static
../Core/Src/MCP4023Driver.cpp:27:1:virtual MCP4023Driver::~MCP4023Driver()	16	static
../Core/Src/MCP4023Driver.cpp:31:19:HAL_StatusTypeDef MCP4023Driver::Init()	16	static
../Core/Src/MCP4023Driver.cpp:40:6:void MCP4023Driver::SetWiper(uint8_t)	16	static
../Core/Src/MCP4023Driver.cpp:46:6:void MCP4023Driver::Increase()	16	static
../Core/Src/MCP4023Driver.cpp:54:6:void MCP4023Driver::Decrease()	16	static
../Core/Src/MCP4023Driver.cpp:62:6:void MCP4023Driver::Reset()	16	static
../Core/Src/MCP4023Driver.cpp:67:6:void MCP4023Driver::SetDefaultStep(uint8_t)	16	static
../Core/Src/MCP4023Driver.cpp:75:8:double MCP4023Driver::GetResistance()	16	static
../Core/Src/MCP4023Driver.cpp:80:6:void MCP4023Driver::SetResistance(float)	16	static
../Core/Src/MCP4023Driver.cpp:96:6:void MCP4023Driver::UpdateStep(uint8_t)	16	static
../Core/Src/MCP4023Driver.cpp:127:6:void MCP4023Driver::StepUp()	16	static
../Core/Src/MCP4023Driver.cpp:135:6:void MCP4023Driver::StepDown()	16	static
