../Core/Inc/Utils.h:24:2:Pin::Pin()	16	static
../Core/Inc/Utils.h:26:2:Pin::Pin(GPIO_TypeDef*, uint16_t)	24	static
../Core/Inc/Utils.h:32:2:Pin::Pin(GPIO_TypeDef*, uint16_t, bool)	24	static
../Core/Inc/Utils.h:39:2:Pin::Pin(GPIO_TypeDef*, uint16_t, GPIO_Default_State)	24	static
../Core/Inc/Utils.h:46:2:Pin::Pin(GPIO_TypeDef*, uint16_t, GPIO_Default_State, bool)	24	static
../Core/Inc/Utils.h:54:7:void Pin::Write(GPIO_PinState)	16	static
../Core/Inc/Utils.h:64:16:GPIO_PinState Pin::Read()	16	static
../Core/Inc/MainWrapper.cpp:72:6:void EncInterruptCallback(uint16_t)	16	static
../Core/Inc/MainWrapper.cpp:77:6:void UsbReceiveCallback()	8	static
../Core/Inc/MainWrapper.cpp:82:6:void InitEncoders()	136	static
../Core/Inc/MainWrapper.cpp:96:6:void InitButtons()	240	static
../Core/Inc/MainWrapper.cpp:121:6:void InitControlPins()	96	static
../Core/Inc/MainWrapper.cpp:134:19:HAL_StatusTypeDef Init(ADC_HandleTypeDef*, SPI_HandleTypeDef*, DMA_HandleTypeDef*, TIM_HandleTypeDef*, UART_HandleTypeDef*)	24	static
../Core/Inc/MainWrapper.cpp:157:6:void Main()	24	static
../Core/Inc/MainWrapper.cpp:167:1:void __static_initialization_and_destruction_0(int, int)	16	static
../Core/Inc/MainWrapper.cpp:167:1:cpp)	8	static
